// Jest Snapshot v1, https://goo.gl/fbAQLP

exports[`testing Loading screen render Should render correctly 1`] = `
<div>
  <h1>
    Loading...
  </h1>
</div>
`;
